abbreviate
abs
acos
acosh
addTaskCallback
agrep
alist
all
all.equal
all.equal.character
all.equal.default
all.equal.factor
all.equal.formula
all.equal.language
all.equal.list
all.equal.numeric
all.equal.POSIXct
all.names
all.vars
anovalist.lm
any
aperm
append
apply
Arg
args
array
as.array
as.call
as.character
as.character.condition
as.character.Date
as.character.default
as.character.error
as.character.factor
as.character.octmode
as.character.package_version
as.character.POSIXt
as.complex
as.complex.default
as.data.frame
as.data.frame.array
as.data.frame.AsIs
as.data.frame.character
as.data.frame.complex
as.data.frame.data.frame
as.data.frame.Date
as.data.frame.default
as.data.frame.factor
as.data.frame.integer
as.data.frame.list
as.data.frame.logical
as.data.frame.matrix
as.data.frame.model.matrix
as.data.frame.numeric
as.data.frame.ordered
as.data.frame.package_version
as.data.frame.POSIXct
as.data.frame.POSIXlt
as.data.frame.raw
as.data.frame.table
as.data.frame.ts
as.data.frame.vector
as.Date
as.Date.character
as.Date.date
as.Date.dates
as.Date.default
as.Date.factor
as.Date.POSIXct
as.Date.POSIXlt
as.difftime
as.double
as.double.default
as.environment
as.expression
as.expression.default
as.factor
as.function
as.function.default
as.integer
as.integer.default
as.list
as.list.data.frame
as.list.default
as.list.environment
as.logical
as.logical.default
as.matrix
as.matrix.data.frame
as.matrix.default
as.matrix.noquote
as.matrix.POSIXlt
as.name
as.null
as.null.default
as.numeric
as.ordered
as.package_version
as.pairlist
as.POSIXct
as.POSIXct.date
as.POSIXct.Date
as.POSIXct.dates
as.POSIXct.default
as.POSIXct.POSIXlt
as.POSIXlt
as.qr
as.raw
as.real
as.single
as.single.default
as.symbol
as.table
as.table.default
as.vector
as.vector.factor
asin
asinh
asNamespace
assign
atan
atan2
atanh
attach
attachNamespace
attr
attr.all.equal
attr<-
attributes
attributes<-
autoload
autoloader
backsolve
basename
besselI
besselJ
besselK
besselY
beta
bindingIsActive
bindingIsLocked
bindtextdomain
body
body<-
bquote
break
browser
builtins
by
by.data.frame
by.default
bzfile
c
c.Date
c.noquote
c.package_version
c.POSIXct
c.POSIXlt
call
capabilities
casefold
cat
category
cbind
cbind.data.frame
ceiling
char.expand
character
charmatch
charToRaw
chartr
chol
chol2inv
choose
class
class<-
close
close.connection
closeAllConnections
codes
codes.factor
codes.ordered
codes<-
col
colMeans
colnames
colnames<-
colSums
commandArgs
comment
comment<-
complex
computeRestarts
conditionCall
conditionCall.condition
conditionMessage
conditionMessage.condition
conflicts
Conj
contributors
cos
cosh
count.fields
crossprod
cummax
cummin
cumprod
cumsum
cut
cut.Date
cut.default
cut.POSIXt
data.class
data.frame
data.matrix
date
debug
delay
delayedAssign
deparse
det
detach
determinant
determinant.matrix
dget
diag
diag<-
diff
diff.Date
diff.default
diff.POSIXt
difftime
digamma
dim
dim.data.frame
dim<-
dimnames
dimnames.data.frame
dimnames<-
dimnames<-.data.frame
dir
dir.create
dirname
do.call
double
dput
dQuote
drop
dump
duplicated
duplicated.array
duplicated.data.frame
duplicated.default
duplicated.matrix
dyn.load
dyn.unload
eapply
eigen
encodeString
environment
environment<-
environmentIsLocked
eval
eval.parent
evalq
exists
exp
expand.grid
expm1
expression
F
factor
factorial
fifo
file
file.access
file.append
file.choose
file.copy
file.create
file.exists
file.info
file.path
file.remove
file.rename
file.show
file.symlink
findInterval
findRestart
floor
flush
flush.connection
for
force
formals
formals<-
format
format.AsIs
format.char
format.data.frame
format.Date
format.default
format.factor
format.info
format.octmode
format.POSIXct
format.POSIXlt
format.pval
formatC
formatDL
forwardsolve
function
gamma
gammaCody
gc
gc.time
gcinfo
gctorture
get
getAllConnections
getCallingDLL
getCConverterDescriptions
getCConverterStatus
getConnection
getDLLRegisteredRoutines
getDLLRegisteredRoutines.character
getDLLRegisteredRoutines.DLLInfo
getenv
geterrmessage
getExportedValue
getHook
getLoadedDLLs
getNamespace
getNamespaceExports
getNamespaceImports
getNamespaceInfo
getNamespaceName
getNamespaceUsers
getNamespaceVersion
getNativeSymbolInfo
getNumCConverters
getOption
getRversion
getTaskCallbackNames
gettext
gettextf
getwd
gl
glm.fit.null
globalenv
grep
gsub
gzcon
gzfile
httpclient
I
identical
if
ifelse
Im
importIntoEnv
inherits
integer
interaction
interactive
intersect
intToBits
inverse.rle
invisible
invokeRestart
invokeRestartInteractively
is.array
is.atomic
is.call
is.character
is.complex
is.data.frame
is.double
is.element
is.environment
is.expression
is.factor
is.finite
is.function
is.infinite
is.integer
is.integer.factor
is.language
is.list
is.loaded
is.logical
is.matrix
is.na
is.na.data.frame
is.na.POSIXlt
is.na<-
is.na<-.default
is.na<-.factor
is.name
is.nan
is.null
is.numeric
is.numeric.factor
is.object
is.ordered
is.package_version
is.pairlist
is.primitive
is.qr
is.R
is.real
is.recursive
is.single
is.symbol
is.table
is.unsorted
is.vector
isBaseNamespace
isIncomplete
isNamespace
ISOdate
ISOdatetime
isOpen
isRestart
isSeekable
isTRUE
jitter
julian
julian.Date
julian.POSIXt
kappa
kappa.default
kappa.lm
kappa.qr
kappa.tri
kronecker
l10n_info
La.chol
La.chol2inv
La.eigen
La.svd
labels
labels.default
lapply
lazyLoad
lbeta
lchoose
length
length<-
length<-.factor
letters
LETTERS
levels
levels<-
levels<-.default
levels<-.factor
lfactorial
lgamma
library
library.dynam
library.dynam.unload
licence
license
list
list.files
lm.fit.null
lm.wfit.null
load
loadedNamespaces
loadingNamespaceInfo
loadNamespace
loadURL
local
lockBinding
lockEnvironment
log
log10
log1p
log2
logb
logical
lower.tri
ls
machine
Machine
make.names
make.unique
makeActiveBinding
manglePackageName
mapply
margin.table
mat.or.vec
match
match.arg
match.call
match.fun
Math.data.frame
Math.Date
Math.difftime
Math.factor
Math.POSIXt
matrix
max
max.col
mean
mean.data.frame
mean.Date
mean.default
mean.difftime
mean.POSIXct
mean.POSIXlt
mem.limits
memory.profile
merge
merge.data.frame
merge.default
message
mget
min
missing
Mod
mode
mode<-
month.abb
month.name
months
months.Date
months.POSIXt
mostattributes<-
names
names.default
names<-
names<-.default
namespaceExport
namespaceImport
namespaceImportClasses
namespaceImportFrom
namespaceImportMethods
nargs
nchar
ncol
NCOL
new.env
next
NextMethod
ngettext
nlevels
noquote
nrow
NROW
numeric
objects
oldClass
oldClass<-
on.exit
open
open.connection
Ops.data.frame
Ops.Date
Ops.difftime
Ops.factor
Ops.ordered
Ops.package_version
Ops.POSIXt
options
order
ordered
outer
package.description
package_version
packageEvent
packageHasNamespace
packBits
pairlist
parent.env
parent.env<-
parent.frame
parse
parse.dcf
parseNamespaceFile
paste
path.expand
pentagamma
pi
piechart
pipe
Platform
pmatch
pmax
pmin
polyroot
pos.to.env
pretty
prettyNum
print
print.AsIs
print.atomic
print.by
print.coefmat
print.condition
print.connection
print.data.frame
print.Date
print.default
print.difftime
print.DLLInfo
print.DLLInfoList
print.DLLRegisteredRoutines
print.factor
print.libraryIQR
print.listof
print.matrix
print.NativeRoutineList
print.noquote
print.octmode
print.package_version
print.packageInfo
print.POSIXct
print.POSIXlt
print.restart
print.rle
print.simple.list
print.summary.table
print.table
printNoClass
prmatrix
proc.time
prod
prop.table
provide
psigamma
pushBack
pushBackLength
q
qr
qr.coef
qr.fitted
qr.Q
qr.qty
qr.qy
qr.R
qr.resid
qr.solve
qr.X
quarters
quarters.Date
quarters.POSIXt
quit
quote
R.home
R.version
R.Version
R.version.string
r2dtable
range
range.default
rank
raw
rawShift
rawToBits
rawToChar
rbind
rbind.data.frame
Re
read.csv
read.csv2
read.dcf
read.delim
read.delim2
read.table
read.table.url
readBin
readChar
readline
readLines
real
Recall
reg.finalizer
regexpr
registerS3method
registerS3methods
remove
removeCConverter
removeTaskCallback
rep
rep.Date
rep.default
rep.int
rep.POSIXct
rep.POSIXlt
repeat
replace
replicate
require
reshapeLong
reshapeWide
restart
restartDescription
restartFormals
return
rev
rev.default
rle
rm
RNGkind
RNGversion
round
round.Date
round.difftime
round.POSIXt
row
row.names
row.names.data.frame
row.names.default
row.names<-
row.names<-.data.frame
row.names<-.default
rowMeans
rownames
rownames<-
rowsum
rowsum.data.frame
rowsum.default
rowSums
sample
sapply
save
save.image
saveNamespaceImage
scale
scale.default
scan
scan.url
search
searchpaths
seek
seek.connection
seq
seq.Date
seq.default
seq.POSIXt
sequence
serialize
set.seed
setCConverterStatus
setdiff
setequal
setHook
setNamespaceInfo
setwd
shell
shell.exec
showConnections
shQuote
sign
signalCondition
signif
simpleCondition
simpleError
simpleMessage
simpleWarning
sin
single
sinh
sink
sink.number
slice.index
socketConnection
socketSelect
solve
solve.default
solve.qr
sort
sort.list
source
source.url
split
split.data.frame
split.default
split<-
split<-.data.frame
split<-.default
sprintf
sqrt
sQuote
stack
stack.data.frame
stack.default
standardGeneric
stderr
stdin
stdout
stop
stopifnot
storage.mode
storage.mode<-
str.POSIXt
strftime
strptime
strsplit
strtrim
structure
strwrap
sub
subset
subset.data.frame
subset.default
subset.matrix
substitute
substr
substr<-
substring
substring<-
sum
summary
summary.connection
summary.data.frame
Summary.data.frame
summary.Date
Summary.Date
summary.default
Summary.difftime
summary.factor
Summary.factor
summary.matrix
Summary.package_version
summary.POSIXct
Summary.POSIXct
summary.POSIXlt
Summary.POSIXlt
summary.table
suppressMessages
suppressWarnings
svd
sweep
switch
symbol.C
symbol.For
sys.call
sys.calls
Sys.Date
sys.frame
sys.frames
sys.function
Sys.getenv
Sys.getlocale
Sys.getpid
Sys.info
sys.load.image
Sys.localeconv
sys.nframe
sys.on.exit
sys.parent
sys.parents
Sys.putenv
sys.save.image
Sys.setlocale
Sys.sleep
sys.source
sys.status
Sys.time
Sys.timezone
system
system.file
system.time
t
T
t.data.frame
t.default
table
tabulate
tan
tanh
tapply
taskCallbackManager
tempdir
tempfile
testPlatformEquivalence
tetragamma
textConnection
tolower
topenv
toString
toString.default
toupper
trace
traceback
tracingState
transform
transform.data.frame
transform.default
trigamma
trunc
trunc.Date
trunc.POSIXt
truncate
truncate.connection
try
tryCatch
type.convert
typeof
unclass
undebug
union
unique
unique.array
unique.data.frame
unique.default
unique.matrix
unix
unix.time
unlink
unlist
unloadNamespace
unlockBinding
unname
unserialize
unsplit
unstack
unstack.data.frame
unstack.default
untrace
unz
upper.tri
url
UseMethod
vector
version
Version
warning
warnings
weekdays
weekdays.Date
weekdays.POSIXt
which
which.max
which.min
while
with
with.default
withCallingHandlers
withRestarts
write
write.csv
write.csv2
write.dcf
write.table
write.table0
writeBin
writeChar
writeLines
xor
xpdrows.data.frame
zapsmall
zip.file.extract
abc.ci
acme
aids
aircondit
aircondit7
amis
aml
beaver
bigcity
boot
boot.array
boot.ci
brambles
breslow
calcium
cane
capability
catsM
cav
cd4
cd4.nested
censboot
channing
city
claridge
cloth
co.transfer
coal
control
corr
cum3
cv.glm
darwin
dogs
downs.bc
ducks
EEF.profile
EL.profile
empinf
envelope
exp.tilt
fir
freq.array
frets
glm.diag
glm.diag.plots
grav
gravity
hirose
imp.moments
imp.prob
imp.quantile
imp.weights
inv.logit
islay
jack.after.boot
k3.linear
lik.CI
linear.approx
logit
manaus
melanoma
motor
nested.corr
neuro
nitrofen
nodal
norm.ci
nuclear
paulsen
poisons
polar
remission
saddle
saddle.distn
salinity
simplex
smooth.f
survival
tau
tilt.boot
tsboot
tuna
urine
var.linear
wool
batchSOM
condense
knn
knn.cv
knn1
lvq1
lvq2
lvq3
lvqinit
lvqtest
multiedit
olvq1
reduce.nn
SOM
somgrid
agnes
agriculture
animals
bannerplot
clara
clusplot
coef.hclust
daisy
diana
ellipsoidhull
ellipsoidPoints
fanny
flower
lower.to.upper.tri.inds
meanabsdev
mona
pam
pltree
pluton
predict.ellipsoid
ruspini
silhouette
sizeDiss
sortSilhouette
upper.to.lower.tri.inds
volume
votes.repub
xclara
ability.cov
airmiles
AirPassengers
airquality
anscombe
attenu
attitude
austres
beaver1
beaver2
BJsales
BJsales.lead
BOD
cars
ChickWeight
chickwts
co2
CO2
discoveries
DNase
esoph
euro
euro.cross
eurodist
EuStockMarkets
faithful
fdeaths
Formaldehyde
freeny
freeny.x
freeny.y
HairEyeColor
Harman23.cor
Harman74.cor
Indometh
infert
InsectSprays
iris
iris3
islands
JohnsonJohnson
LakeHuron
ldeaths
lh
LifeCycleSavings
Loblolly
longley
lynx
mdeaths
morley
mtcars
nhtemp
Nile
nottem
Orange
OrchardSprays
PlantGrowth
precip
presidents
pressure
Puromycin
quakes
randu
rivers
rock
Seatbelts
sleep
stack.loss
stack.x
stackloss
state.abb
state.area
state.center
state.division
state.name
state.region
state.x77
sunspot.month
sunspot.year
sunspots
swiss
Theoph
Titanic
ToothGrowth
treering
trees
UCBAdmissions
UKDriverDeaths
UKgas
USAccDeaths
USArrests
USJudgeRatings
USPersonalExpenditure
uspop
VADeaths
volcano
warpbreaks
women
WorldPhones
WWWusage
data.restore
lookup.xport
read.dbf
read.dta
read.epiinfo
read.mtp
read.octave
read.S
read.spss
read.ssd
read.systat
read.xport
write.dbf
write.dta
write.foreign
abline
arrows
assocplot
axis
axis.Date
axis.POSIXct
axTicks
barplot
barplot.default
box
boxplot
boxplot.default
boxplot.stats
bxp
chull
close.screen
co.intervals
contour
contour.default
contourLines
coplot
curve
dotchart
erase.screen
filled.contour
fourfoldplot
frame
grid
hist
hist.default
identify
image
image.default
layout
layout.show
lcm
legend
lines
lines.default
locator
matlines
matplot
matpoints
mosaicplot
mtext
n2mfrow
nclass.FD
nclass.scott
nclass.Sturges
pairs
pairs.default
panel.smooth
par
persp
pie
plot
plot.default
plot.design
plot.new
plot.window
plot.xy
points
points.default
polygon
rect
rug
screen
segments
split.screen
stars
stem
strheight
stripchart
strwidth
sunflowerplot
symbols
text
text.default
title
xinch
xy.coords
xyinch
xyz.coords
yinch
bitmap
bmp
bringToTop
check.options
cm
cm.colors
col2rgb
colorConverter
colorRamp
colorRampPalette
colors
colorspaces
colours
convertColor
dev.control
dev.copy
dev.copy2eps
dev.cur
dev.interactive
dev.list
dev.next
dev.off
dev.prev
dev.print
dev.set
dev2bitmap
getGraphicsEvent
graphics.off
gray
gray.colors
grey
grey.colors
hcl
heat.colors
Hershey
hsv
jpeg
make.rgb
palette
pdf
pictex
png
postscript
postscriptFont
postscriptFonts
ps.options
rainbow
recordGraphics
recordPlot
replayPlot
rgb
rgb2hsv
savePlot
terrain.colors
topo.colors
win.graph
win.metafile
win.print
windows
windowsFont
windowsFonts
x11
X11
xfig
absolute.size
addGrob
applyEdit
applyEdits
arrowsGrob
childNames
circleGrob
convertHeight
convertNative
convertUnit
convertWidth
convertX
convertY
current.transform
current.viewport
current.vpTree
dataViewport
downViewport
draw.details
drawDetails
editDetails
editGrob
engine.display.list
frameGrob
gEdit
gEditList
get.gpar
getGrob
getNames
gList
gpar
gPath
grid.add
grid.arrows
grid.circle
grid.collection
grid.convert
grid.convertHeight
grid.convertWidth
grid.convertX
grid.convertY
grid.copy
grid.display.list
grid.draw
grid.edit
grid.frame
grid.get
grid.grab
grid.grabExpr
grid.grill
grid.grob
grid.layout
grid.legend
grid.line.to
grid.lines
grid.locator
grid.move.to
grid.multipanel
grid.newpage
grid.pack
grid.panel
grid.place
grid.plot.and.legend
grid.points
grid.polygon
grid.pretty
grid.prompt
grid.record
grid.rect
grid.refresh
grid.remove
grid.segments
grid.set
grid.show.layout
grid.show.viewport
grid.strip
grid.text
grid.xaxis
grid.yaxis
grob
grobHeight
grobWidth
gTree
heightDetails
is.unit
layout.heights
layout.torture
layout.widths
layoutRegion
linesGrob
lineToGrob
moveToGrob
packGrob
placeGrob
plotViewport
pointsGrob
polygonGrob
pop.viewport
popViewport
postDrawDetails
preDrawDetails
push.viewport
pushViewport
rectGrob
removeGrob
seekViewport
segmentsGrob
setChildren
setGrob
stringHeight
stringWidth
textGrob
unit
unit.c
unit.length
unit.pmax
unit.pmin
unit.rep
upViewport
validDetails
viewport
viewport.layout
viewport.transform
vpList
vpPath
vpStack
vpTree
widthDetails
xaxisGrob
yaxisGrob
bkde
bkde2D
bkfe
dpih
dpik
dpill
locpoly
[.shingle
as.factorOrShingle
as.shingle
banking
barchart
barley
bwplot
canonical.theme
cloud
col.whitebg
contourplot
densityplot
do.breaks
dotplot
draw.colorkey
draw.key
environmental
equal.count
ethanol
histogram
is.shingle
larrows
lattice.getOption
lattice.options
latticeParseFormula
levelplot
llines
lplot.xy
lpoints
lsegments
lset
ltext
ltransform3dMatrix
ltransform3dto3d
oneway
panel.3dscatter
panel.3dwire
panel.abline
panel.arrows
panel.axis
panel.barchart
panel.bwplot
panel.cloud
panel.contourplot
panel.curve
panel.densityplot
panel.dotplot
panel.fill
panel.grid
panel.histogram
panel.identify
panel.levelplot
panel.linejoin
panel.lines
panel.lmline
panel.loess
panel.mathdensity
panel.pairs
panel.parallel
panel.points
panel.qq
panel.qqmath
panel.qqmathline
panel.rug
panel.segments
panel.splom
panel.stripplot
panel.superpose
panel.superpose.2
panel.text
panel.tmd
panel.wireframe
panel.xyplot
parallel
prepanel.lmline
prepanel.loess
prepanel.qqmathline
qq
qqmath
rfs
Rows
shingle
show.settings
simpleKey
singer
splom
strip.custom
strip.default
stripplot
tmd
trellis.device
trellis.focus
trellis.grobname
trellis.last.object
trellis.panelArgs
trellis.par.get
trellis.par.set
trellis.switchFocus
trellis.unfocus
trellis.vpname
wireframe
xyplot
abbey
accdeaths
addterm
Aids2
Animals
anorexia
area
as.fractions
bacteria
bandwidth.nrd
bcv
beav1
beav2
biopsy
birthwt
Boston
boxcox
cabbages
caith
Cars93
cats
cement
chem
con2tr
contr.sdif
coop
corresp
cov.mcd
cov.mve
cov.rob
cov.trob
cpus
crabs
Cushings
DDT
deaths
denumerate
denumerate.formula
dose.p
drivers
dropterm
eagles
enlist
epil
eqscplot
farms
fbeta
fgl
fitdistr
forbes
fractions
frequency.polygon
GAGurine
galaxies
gamma.dispersion
gamma.shape
gehan
genotype
geyser
gilgais
ginv
glm.convert
glm.nb
glmmPQL
hills
hist.FD
hist.scott
housing
huber
hubers
immer
Insurance
is.fractions
isoMDS
kde2d
lda
ldahist
leuk
lm.gls
lm.ridge
lmsreg
lmwork
loglm
loglm1
logtrans
lqs
lqs.formula
ltsreg
mammals
mca
mcycle
Melanoma
menarche
michelson
minn38
motors
muscle
mvrnorm
nclass.freq
neg.bin
negative.binomial
negexp.SSival
newcomb
nlschools
npk
npr1
Null
oats
OME
painters
parcoord
petrol
phones
Pima.te
Pima.tr
Pima.tr2
polr
psi.bisquare
psi.hampel
psi.huber
qda
quine
Rabbit
rational
renumerate
renumerate.formula
rlm
rms.curv
rnegbin
road
rotifer
Rubber
sammon
select
Shepard
ships
shoes
shrimp
shuttle
Sitka
Sitka89
Skye
snails
SP500
stdres
steam
stepAIC
stormer
studres
survey
synth.te
synth.tr
theta.md
theta.ml
theta.mm
topo
Traffic
truehist
ucv
UScereal
UScrime
VA
waders
whiteside
width.SJ
write.matrix
wtloss
@<-
addNextMethod
allGenerics
allNames
Arith
as
as<-
asMethodDefinition
assignClassDef
assignMethodsMetaData
balanceMethodsList
cacheGenericsMetaData
cacheMetaData
cacheMethod
callGeneric
callNextMethod
checkSlotAssignment
classMetaName
coerce
coerce<-
Compare
completeClassDefinition
completeExtends
completeSubclasses
Complex
conformMethod
defaultDumpName
defaultPrototype
doPrimitiveMethod
dumpMethod
dumpMethods
el
el<-
elNamed
elNamed<-
empty.dump
emptyMethodsList
existsFunction
existsMethod
extends
finalDefaultMethod
findClass
findFunction
findMethod
findUnique
fixPre1.8
formalArgs
functionBody
functionBody<-
generic.skeleton
getAccess
getAllMethods
getAllSuperClasses
getClass
getClassDef
getClasses
getClassName
getClassPackage
getDataPart
getExtends
getFunction
getGeneric
getGenerics
getGroup
getGroupMembers
getMethod
getMethods
getMethodsForDispatch
getMethodsMetaData
getPackageName
getProperties
getPrototype
getSlots
getSubclasses
getValidity
getVirtual
hasArg
hasMethod
initialize
insertMethod
is
isClass
isClassDef
isClassUnion
isGeneric
isGrammarSymbol
isGroup
isSealedClass
isSealedMethod
isVirtualClass
languageEl
languageEl<-
linearizeMlist
listFromMlist
loadMethod
makeClassRepresentation
makeExtends
makeGeneric
makeMethodsList
makePrototypeFromClassDef
makeStandardGeneric
matchSignature
Math
Math2
mergeMethods
metaNameUndo
MethodAddCoerce
MethodsList
MethodsListSelect
methodsPackageMetaName
missingArg
mlistMetaName
new
newBasic
newClassRepresentation
newEmptyObject
Ops
packageSlot
possibleExtends
promptClass
promptMethods
prototype
Quote
reconcilePropertiesAndPrototype
rematchDefinition
removeClass
removeGeneric
removeMethod
removeMethods
removeMethodsObject
representation
requireMethods
resetClass
resetGeneric
sealClass
selectMethod
sessionData
setAs
setClass
setClassUnion
setDataPart
setGeneric
setGroupGeneric
setIs
setMethod
setOldClass
setPackageName
setPrimitiveMethods
setReplaceMethod
setValidity
show
showClass
showDefault
showExtends
showMethods
showMlist
signature
SignatureMethod
sigToEnv
slot
slot<-
slotNames
substituteDirect
substituteFunctionArgs
Summary
superClassDepth
testVirtual
traceOff
traceOn
tryNew
trySilent
unRematchDefinition
validObject
validSlotNames
anova.gam
coef.pdIdnot
coef.pdTens
corMatrix.pdIdnot
Dim.pdIdnot
exclude.too.far
extract.lme.cov
extract.lme.cov2
fix.family.link
fix.family.var
fixDependence
formula.gam
formXtViX
full.score
gam
gam.check
gam.control
gam.fit
gam.fit2
gam.method
gam.outer
gam.setup
gam.side
gam2derivative
gam2objective
gam3objective
gamm
gamm.setup
get.var
influence.gam
initial.sp
interpret.gam
logDet.pdIdnot
logLik.gam
magic
magic.post.proc
mgcv
mgcv.control
mgcv.find.theta
mgcv.get.scale
mono.con
mroot
new.name
notExp
notLog
null.space.dimension
pcls
pdConstruct.pdIdnot
pdConstruct.pdTens
pdFactor.pdIdnot
pdFactor.pdTens
pdIdnot
pdMatrix.pdIdnot
pdMatrix.pdTens
pdTens
place.knots
plot.gam
predict.gam
Predict.matrix
Predict.matrix.cr.smooth
Predict.matrix.cs.smooth
Predict.matrix.cyclic.smooth
Predict.matrix.tensor.smooth
Predict.matrix.tprs.smooth
Predict.matrix.ts.smooth
PredictMat
print.anova.gam
print.gam
print.summary.gam
residuals.gam
s
smooth.construct
smooth.construct.cc.smooth.spec
smooth.construct.cr.smooth.spec
smooth.construct.cs.smooth.spec
smooth.construct.tensor.smooth.spec
smooth.construct.tp.smooth.spec
smooth.construct.ts.smooth.spec
smoothCon
solve.pdIdnot
summary.gam
summary.pdIdnot
summary.pdTens
te
tensor.prod.model.matrix
tensor.prod.penalties
uniquecombs
vis.gam
ACF
Alfalfa
allCoef
anova.lme
asOneFormula
Assay
asTable
augPred
balancedGrouped
bdf
BIC
BodyWeight
Cefamandole
coef<-
coefficients<-
collapse
compareFits
comparePred
contr.SAS
corAR1
corARMA
corCAR1
corCompSymm
corExp
corFactor
corGaus
corIdent
corLin
corMatrix
corNatural
corRatio
corSpatial
corSpher
corSymm
covariate<-
Dialyzer
Dim
Earthquake
ergoStool
Fatigue
fdHess
fixed.effects
fixef
gapply
Gasoline
getCovariate
getCovariateFormula
getData
getGroups
getGroupsFormula
getResponse
getResponseFormula
getVarCov
gls
glsControl
glsStruct
Glucose
Glucose2
gnls
gnlsControl
gnlsStruct
groupedData
gsummary
Gun
IGF
Initialize
intervals
isBalanced
isInitialized
LDEsysMat
lme
lme.formula
lme.lmList
lmeControl
lmeScale
lmeStruct
lmList
lmList.formula
logDet
Machines
MathAchieve
MathAchSchool
matrix<-
Meat
Milk
Muscle
Names
Names<-
needUpdate
nfGroupedData
Nitrendipene
nlme
nlme.formula
nlme.nlsList
nlmeControl
nlmeStruct
nlsList
nlsList.formula
nmGroupedData
Oats
Orthodont
Ovary
Oxboys
Oxide
PBG
pdBlocked
pdCompSymm
pdConstruct
pdDiag
pdFactor
pdIdent
pdLogChol
pdMat
pdMatrix
pdNatural
pdSymm
Phenobarb
phenoModel
Pixel
plot.lme
pooledSD
Quinidine
quinModel
Rail
random.effects
ranef
RatPupWeight
recalc
Relaxin
Remifentanil
reStruct
simulate.lme
Soybean
splitFormula
Spruce
Tetracycline1
Tetracycline2
varComb
varConstPower
VarCorr
varExp
varFixed
varFunc
varIdent
Variogram
varPower
varWeights
Wafer
Wheat
Wheat2
class.ind
multinom
nnet
nnet.default
nnet.formula
nnetHess
which.is.max
car.test.frame
cu.summary
kyphosis
meanvar
na.rpart
path.rpart
plotcp
post
printcp
prune
prune.rpart
rpart
rpart.control
rpconvert
rsq.rpart
snip.rpart
solder
xpred.rpart
createRegistryKey
createRegistryPath
deleteRegistryKey
expandEnvironmentStrings
flushRegistryKey
getRegistry
getRegistryKeyValues
getRegistrySubKeyNames
getRegistryValue
getWinEdt
installWinEdt
ismdi
registryKeyExists
resolveKey
setRegistryValue
startWinEdt
anova.trls
anovalist.trls
correlogram
expcov
gaucov
Kaver
Kenvl
Kfn
plot.trls
ppgetregion
ppinit
pplik
ppregion
predict.trls
prmat
Psim
semat
sphercov
SSI
Strauss
surf.gls
surf.ls
trls.influence
trmat
variogram
as.polySpline
asVector
backSpline
bs
interpSpline
ns
periodicSpline
polySpline
spline.des
splineDesign
splineKnots
splineOrder
xyVector
acf
acf2AR
add.scope
add1
addmargins
aggregate
aggregate.data.frame
aggregate.default
aggregate.ts
AIC
alias
anova
anova.glm
anova.glmlist
anova.lm
anova.lmlist
anova.mlm
ansari.test
aov
approx
approxfun
ar
ar.burg
ar.mle
ar.ols
ar.yw
arima
arima.sim
arima0
arima0.diag
ARMAacf
ARMAtoMA
as.dendrogram
as.dist
as.formula
as.hclust
as.stepfun
as.ts
asOneSidedFormula
ave
bandwidth.kernel
bartlett.test
binom.test
binomial
biplot
Box.test
bw.bcv
bw.nrd
bw.nrd0
bw.SJ
bw.ucv
C
cancor
case.names
cbind.ts
ccf
chisq.test
clearNames
cmdscale
coef
coefficients
complete.cases
confint
confint.default
constrOptim
contr.helmert
contr.poly
contr.sum
contr.treatment
contrasts
contrasts<-
convolve
cooks.distance
cophenetic
cor
cor.test
cov
cov.wt
cov2cor
covratio
cpgram
cutree
cycle
D
dbeta
dbinom
dcauchy
dchisq
decompose
delete.response
deltat
dendrapply
density
deriv
deriv.default
deriv.formula
deriv3
deriv3.default
deriv3.formula
deviance
dexp
df
df.kernel
df.residual
dfbeta
dfbetas
dffits
dgamma
dgeom
dhyper
diff.ts
diffinv
dist
dlnorm
dlogis
dmultinom
dnbinom
dnorm
dpois
drop.scope
drop.terms
drop1
dsignrank
dt
dummy.coef
dunif
dweibull
dwilcox
ecdf
eff.aovlist
effects
embed
end
estVar
expand.model.frame
extractAIC
factanal
factor.scope
family
fft
filter
fisher.test
fitted
fitted.values
fivenum
fligner.test
formula
frequency
friedman.test
ftable
Gamma
gaussian
getInitial
glm
glm.control
glm.fit
hasTsp
hat
hatvalues
hatvalues.lm
hclust
heatmap
HoltWinters
influence
influence.measures
integrate
interaction.plot
inverse.gaussian
IQR
is.empty.model
is.leaf
is.mts
is.stepfun
is.ts
is.tskernel
isoreg
KalmanForecast
KalmanLike
KalmanRun
KalmanSmooth
kernapply
kernel
kmeans
knots
kruskal.test
ks.test
ksmooth
lag
lag.plot
line
lines.ts
lm
lm.fit
lm.influence
lm.wfit
loadings
loess
loess.control
loess.smooth
logLik
loglin
lowess
ls.diag
ls.print
lsfit
mad
mahalanobis
make.link
makeARIMA
makepredictcall
manova
mantelhaen.test
mauchley.test
mcnemar.test
median
medpolish
model.extract
model.frame
model.frame.aovlist
model.frame.default
model.frame.glm
model.frame.lm
model.matrix
model.matrix.default
model.matrix.lm
model.offset
model.response
model.tables
model.weights
monthplot
mood.test
mvfft
na.action
na.contiguous
na.exclude
na.fail
na.omit
na.pass
napredict
naprint
naresid
nextn
nlm
nls
nls.control
nlsModel
NLSstAsymptotic
NLSstClosestX
NLSstLfAsymptote
NLSstRtAsymptote
numericDeriv
offset
oneway.test
optim
optimise
optimize
order.dendrogram
p.adjust
p.adjust.methods
pacf
pairwise.prop.test
pairwise.t.test
pairwise.table
pairwise.wilcox.test
pbeta
pbinom
pbirthday
pcauchy
pchisq
pexp
pf
pgamma
pgeom
phyper
plclust
plnorm
plogis
plot.density
plot.ecdf
plot.lm
plot.mlm
plot.spec
plot.spec.coherency
plot.spec.phase
plot.stepfun
plot.ts
plot.TukeyHSD
pnbinom
pnorm
poisson
poly
polym
power
power.anova.test
power.prop.test
power.t.test
PP.test
ppoints
ppois
ppr
prcomp
predict
predict.glm
predict.lm
predict.mlm
predict.poly
preplot
princomp
print.anova
print.density
print.family
print.formula
print.ftable
print.glm
print.infl
print.integrate
print.lm
print.logLik
print.terms
print.ts
printCoefmat
profile
profiler
proj
promax
prop.test
prop.trend.test
psignrank
pt
ptukey
punif
pweibull
pwilcox
qbeta
qbinom
qbirthday
qcauchy
qchisq
qexp
qf
qgamma
qgeom
qhyper
qlnorm
qlogis
qnbinom
qnorm
qpois
qqline
qqnorm
qqnorm.default
qqplot
qsignrank
qt
qtukey
quade.test
quantile
quantile.default
quasi
quasibinomial
quasipoisson
qunif
qweibull
qwilcox
rbeta
rbinom
rcauchy
rchisq
read.ftable
rect.hclust
reformulate
relevel
reorder
replications
reshape
resid
residuals
residuals.default
residuals.glm
residuals.lm
rexp
rf
rgamma
rgeom
rhyper
rlnorm
rlogis
rmultinom
rnbinom
rnorm
rpois
rsignrank
rstandard
rstandard.glm
rstandard.lm
rstudent
rstudent.glm
rstudent.lm
rt
runif
runmed
rweibull
rwilcox
scatter.smooth
screeplot
sd
se.contrast
selfStart
setNames
shapiro.test
smooth
smooth.spline
smoothEnds
sortedXyData
spec.ar
spec.pgram
spec.taper
spectrum
spline
splinefun
SSasymp
SSasympOff
SSasympOrig
SSbiexp
SSD
SSfol
SSfpl
SSgompertz
SSlogis
SSmicmen
SSweibull
start
stat.anova
step
stepfun
stl
StructTS
summary.aov
summary.aovlist
summary.glm
summary.infl
summary.lm
summary.manova
summary.mlm
summary.stepfun
supsmu
symnum
t.test
termplot
terms
terms.aovlist
terms.default
terms.formula
terms.terms
time
toeplitz
ts
ts.intersect
ts.plot
ts.union
tsdiag
tsp
tsp<-
tsSmooth
TukeyHSD
TukeyHSD.aov
uniroot
update
update.default
update.formula
var
var.test
variable.names
varimax
vcov
weighted.mean
weighted.residuals
weights
wilcox.test
window
window<-
write.ftable
xtabs
mle
as.date
attrassign
basehaz
bladder
bladder2
cancer
clogit
cluster
colon
cox.zph
coxph
coxph.control
coxph.detail
date.ddmmmyy
date.mdy
date.mmddyy
date.mmddyyyy
format.Surv
frailty
frailty.gamma
frailty.gammacon
frailty.gaussian
frailty.t
heart
is.date
is.na.coxph.penalty
is.na.date
is.na.ratetable
is.na.Surv
is.ratetable
is.Surv
jasa
jasa1
kidney
labels.survreg
leukemia
lung
match.ratetable
mdy.date
ovarian
pbc
pspline
pyears
ratetable
rats
ridge
stanford2
strata
Surv
survdiff
survexp
survexp.az
survexp.azr
survexp.fl
survexp.flr
survexp.mn
survexp.mnwhite
survexp.us
survexp.usr
survexp.wnc
survfit
survfit.km
survobrien
survreg
survreg.control
survreg.distributions
survreg.fit
survreg.old
survSplit
tcut
tobin
untangle.specials
veteran
addTclPath
as.tclObj
is.tclObj
is.tkwin
tcl
tclArray
tclclose
tclObj
tclObj<-
tclObj<-.tclVar
tclopen
tclputs
tclread
tclRequire
tclvalue
tclvalue<-
tclvalue<-.default
tclvalue<-.tclVar
tclvar
tclVar
tk_select.list
tkactivate
tkadd
tkaddtag
tkbbox
tkbell
tkbind
tkbindtags
tkbutton
tkcanvas
tkcanvasx
tkcanvasy
tkcget
tkcheckbutton
tkchooseDirectory
tkclipboard.append
tkclipboard.clear
tkclose
tkcmd
tkcompare
tkconfigure
tkcoords
tkcreate
tkcurselection
tkdchars
tkdebug
tkdelete
tkdelta
tkdeselect
tkdestroy
tkdialog
tkdlineinfo
tkdtag
tkdump
tkentry
tkentrycget
tkentryconfigure
tkevent.add
tkevent.delete
tkevent.generate
tkevent.info
tkfile.dir
tkfile.tail
tkfind
tkflash
tkfocus
tkfont.actual
tkfont.configure
tkfont.create
tkfont.delete
tkfont.families
tkfont.measure
tkfont.metrics
tkfont.names
tkfraction
tkframe
tkget
tkgetOpenFile
tkgetSaveFile
tkgettags
tkgrab
tkgrab.current
tkgrab.release
tkgrab.set
tkgrab.status
tkgrid
tkgrid.bbox
tkgrid.columnconfigure
tkgrid.configure
tkgrid.forget
tkgrid.info
tkgrid.location
tkgrid.propagate
tkgrid.remove
tkgrid.rowconfigure
tkgrid.size
tkgrid.slaves
tkicursor
tkidentify
tkimage.cget
tkimage.configure
tkimage.create
tkimage.names
tkindex
tkinsert
tkinvoke
tkitembind
tkitemcget
tkitemconfigure
tkitemfocus
tkitemlower
tkitemraise
tkitemscale
tklabel
tklistbox
tklower
tkmark.gravity
tkmark.names
tkmark.next
tkmark.previous
tkmark.set
tkmark.unset
tkmenu
tkmenubutton
tkmessage
tkmessageBox
tkmove
tknearest
tkopen
tkpack
tkpack.configure
tkpack.forget
tkpack.info
tkpack.propagate
tkpack.slaves
tkpager
tkplace
tkplace.configure
tkplace.forget
tkplace.info
tkplace.slaves
tkpopup
tkpost
tkpostcascade
tkpostscript
tkputs
tkradiobutton
tkraise
tkread
tkscale
tkscan.dragto
tkscan.mark
tkscrollbar
tksearch
tksee
tkselect
tkselection.adjust
tkselection.anchor
tkselection.clear
tkselection.from
tkselection.includes
tkselection.present
tkselection.range
tkselection.set
tkselection.to
tkset
tksize
tkStartGUI
tktag.add
tktag.bind
tktag.cget
tktag.configure
tktag.delete
tktag.lower
tktag.names
tktag.nextrange
tktag.prevrange
tktag.raise
tktag.ranges
tktag.remove
tktext
tktitle
tktitle<-
tktoggle
tktoplevel
tktype
tkunpost
tkwait.variable
tkwait.visibility
tkwait.window
tkwidget
tkwindow.cget
tkwindow.configure
tkwindow.create
tkwindow.names
tkwinfo
tkwm.aspect
tkwm.client
tkwm.colormapwindows
tkwm.command
tkwm.deiconify
tkwm.focusmodel
tkwm.frame
tkwm.geometry
tkwm.grid
tkwm.group
tkwm.iconbitmap
tkwm.iconify
tkwm.iconmask
tkwm.iconname
tkwm.iconposition
tkwm.iconwindow
tkwm.maxsize
tkwm.minsize
tkwm.overrideredirect
tkwm.positionfrom
tkwm.protocol
tkwm.resizable
tkwm.sizefrom
tkwm.state
tkwm.title
tkwm.transient
tkwm.withdraw
tkXselection.clear
tkXselection.get
tkXselection.handle
tkXselection.own
tkxview
tkxview.moveto
tkxview.scroll
tkyposition
tkyview
tkyview.moveto
tkyview.scroll
buildVignettes
checkDocFiles
checkDocStyle
checkFF
checkMD5sums
checkReplaceFuns
checkS3methods
checkTnF
checkVignettes
codoc
codocClasses
codocData
delimMatch
file_path_as_absolute
file_path_sans_ext
file_test
filePathAsAbsolute
filePathSansExt
fileTest
getDepList
installFoundDepends
list_files_with_exts
list_files_with_type
listFilesWithExts
listFilesWithType
md5sum
package.dependencies
pkgDepends
pkgVignettes
Rd_db
Rd_parse
Rdindex
read.00Index
texi2dvi
undoc
vignetteDepends
write_PACKAGES
xgettext
xgettext2pot
xngettext
?
alarm
apropos
as.person
as.personList
assignInNamespace
available.packages
browseEnv
browseURL
bug.report
capture.output
checkCRAN
choose.files
chooseCRANmirror
citation
citEntry
citFooter
citHeader
close.socket
compareVersion
contrib.url
CRAN.packages
data
data.entry
dataentry
de
de.ncols
de.restore
de.setup
debugger
demo
DLL.version
download.file
download.packages
dump.frames
edit
emacs
example
file.edit
Filters
find
fix
fixInNamespace
fixup.libraries.URLs
fixup.package.URLs
flush.console
getAnywhere
getFromNamespace
getIdentification
getS3method
getWindowsHandle
getWindowTitle
head
help
help.search
help.start
history
iconv
iconvlist
index.search
install.packages
installed.packages
limitedLabels
link.html.help
loadhistory
localeToCharset
ls.str
lsf.str
make.packages.html
make.search.html
make.socket
memory.limit
memory.size
menu
methods
mirror2html
new.packages
normalizePath
object.size
old.packages
package.contents
package.skeleton
packageDescription
packageStatus
page
person
personList
pico
prompt
promptData
read.fortran
read.fwf
read.socket
readCitationFile
readClipboard
recover
remove.packages
Rprof
RSiteSearch
Rtangle
RtangleSetup
RtangleWritedoc
RweaveChunkPrefix
RweaveEvalWithOpt
RweaveLatex
RweaveLatexOptions
RweaveLatexSetup
RweaveTryStop
savehistory
select.list
sessionInfo
setRepositories
setWindowTitle
Stangle
str
summaryRprof
Sweave
SweaveHooks
SweaveSyntaxLatex
SweaveSyntaxNoweb
SweaveSyntConv
tail
toBibtex
toLatex
topicName
update.packages
update.packageStatus
upgrade
url.show
vi
vignette
win.version
winDialog
winDialogString
winMenuAdd
winMenuAddItem
winMenuDel
winMenuDelItem
winMenuItems
winMenuNames
write.socket
writeClipboard
wsbrowser
xedit
xemacs
zip.unpack
